\BOOKMARK [0][-]{chapter.1}{\376\377\0001\000\040\000H\000i\000e\000r\000a\000r\000c\000h\000i\000c\000a\000l\000\040\000I\000n\000d\000e\000x}{}% 1
\BOOKMARK [1][-]{section.1.1}{\376\377\0001\000.\0001\000\040\000C\000l\000a\000s\000s\000\040\000H\000i\000e\000r\000a\000r\000c\000h\000y}{chapter.1}% 2
\BOOKMARK [0][-]{chapter.2}{\376\377\0002\000\040\000C\000l\000a\000s\000s\000\040\000I\000n\000d\000e\000x}{}% 3
\BOOKMARK [1][-]{section.2.1}{\376\377\0002\000.\0001\000\040\000C\000l\000a\000s\000s\000\040\000L\000i\000s\000t}{chapter.2}% 4
\BOOKMARK [0][-]{chapter.3}{\376\377\0003\000\040\000C\000l\000a\000s\000s\000\040\000D\000o\000c\000u\000m\000e\000n\000t\000a\000t\000i\000o\000n}{}% 5
\BOOKMARK [1][-]{section.3.1}{\376\377\0003\000.\0001\000\040\000c\000o\000m\000.\000p\000c\000g\000e\000s\000t\000i\000o\000n\000.\000A\000d\000m\000i\000n\000i\000s\000t\000r\000a\000d\000o\000r\000\040\000C\000l\000a\000s\000s\000\040\000R\000e\000f\000e\000r\000e\000n\000c\000e}{chapter.3}% 6
\BOOKMARK [2][-]{subsection.3.1.1}{\376\377\0003\000.\0001\000.\0001\000\040\000D\000e\000t\000a\000i\000l\000e\000d\000\040\000D\000e\000s\000c\000r\000i\000p\000t\000i\000o\000n}{section.3.1}% 7
\BOOKMARK [2][-]{subsection.3.1.2}{\376\377\0003\000.\0001\000.\0002\000\040\000M\000e\000m\000b\000e\000r\000\040\000F\000u\000n\000c\000t\000i\000o\000n\000\040\000D\000o\000c\000u\000m\000e\000n\000t\000a\000t\000i\000o\000n}{section.3.1}% 8
\BOOKMARK [3][-]{subsubsection.3.1.2.1}{\376\377\0003\000.\0001\000.\0002\000.\0001\000\040\000a\000u\000t\000o\000r\000i\000z\000a\000r\000D\000e\000v\000o\000l\000u\000c\000i\000o\000n\000\050\000\051}{subsection.3.1.2}% 9
\BOOKMARK [1][-]{section.3.2}{\376\377\0003\000.\0002\000\040\000c\000o\000m\000.\000p\000c\000g\000e\000s\000t\000i\000o\000n\000.\000C\000a\000l\000c\000u\000l\000a\000d\000o\000r\000a\000I\000V\000A\000\040\000C\000l\000a\000s\000s\000\040\000R\000e\000f\000e\000r\000e\000n\000c\000e}{chapter.3}% 10
\BOOKMARK [2][-]{subsection.3.2.1}{\376\377\0003\000.\0002\000.\0001\000\040\000D\000e\000t\000a\000i\000l\000e\000d\000\040\000D\000e\000s\000c\000r\000i\000p\000t\000i\000o\000n}{section.3.2}% 11
\BOOKMARK [2][-]{subsection.3.2.2}{\376\377\0003\000.\0002\000.\0002\000\040\000M\000e\000m\000b\000e\000r\000\040\000F\000u\000n\000c\000t\000i\000o\000n\000\040\000D\000o\000c\000u\000m\000e\000n\000t\000a\000t\000i\000o\000n}{section.3.2}% 12
\BOOKMARK [3][-]{subsubsection.3.2.2.1}{\376\377\0003\000.\0002\000.\0002\000.\0001\000\040\000c\000a\000l\000c\000u\000l\000a\000r\000P\000r\000e\000c\000i\000o\000C\000o\000n\000I\000V\000A\000\050\000\051}{subsection.3.2.2}% 13
\BOOKMARK [1][-]{section.3.3}{\376\377\0003\000.\0003\000\040\000c\000o\000m\000.\000p\000c\000g\000e\000s\000t\000i\000o\000n\000.\000C\000l\000i\000e\000n\000t\000e\000\040\000C\000l\000a\000s\000s\000\040\000R\000e\000f\000e\000r\000e\000n\000c\000e}{chapter.3}% 14
\BOOKMARK [2][-]{subsection.3.3.1}{\376\377\0003\000.\0003\000.\0001\000\040\000D\000e\000t\000a\000i\000l\000e\000d\000\040\000D\000e\000s\000c\000r\000i\000p\000t\000i\000o\000n}{section.3.3}% 15
\BOOKMARK [2][-]{subsection.3.3.2}{\376\377\0003\000.\0003\000.\0002\000\040\000C\000o\000n\000s\000t\000r\000u\000c\000t\000o\000r\000\040\000\046\000\040\000D\000e\000s\000t\000r\000u\000c\000t\000o\000r\000\040\000D\000o\000c\000u\000m\000e\000n\000t\000a\000t\000i\000o\000n}{section.3.3}% 16
\BOOKMARK [3][-]{subsubsection.3.3.2.1}{\376\377\0003\000.\0003\000.\0002\000.\0001\000\040\000C\000l\000i\000e\000n\000t\000e\000\050\000\051}{subsection.3.3.2}% 17
\BOOKMARK [2][-]{subsection.3.3.3}{\376\377\0003\000.\0003\000.\0003\000\040\000M\000e\000m\000b\000e\000r\000\040\000F\000u\000n\000c\000t\000i\000o\000n\000\040\000D\000o\000c\000u\000m\000e\000n\000t\000a\000t\000i\000o\000n}{section.3.3}% 18
\BOOKMARK [3][-]{subsubsection.3.3.3.1}{\376\377\0003\000.\0003\000.\0003\000.\0001\000\040\000c\000o\000n\000t\000r\000a\000t\000a\000r\000R\000e\000p\000a\000r\000a\000c\000i\000o\000n\000\050\000\051}{subsection.3.3.3}% 19
\BOOKMARK [3][-]{subsubsection.3.3.3.2}{\376\377\0003\000.\0003\000.\0003\000.\0002\000\040\000g\000e\000t\000D\000i\000r\000e\000c\000c\000i\000o\000n\000\050\000\051}{subsection.3.3.3}% 20
\BOOKMARK [3][-]{subsubsection.3.3.3.3}{\376\377\0003\000.\0003\000.\0003\000.\0003\000\040\000s\000e\000t\000D\000i\000r\000e\000c\000c\000i\000o\000n\000\050\000\051}{subsection.3.3.3}% 21
\BOOKMARK [3][-]{subsubsection.3.3.3.4}{\376\377\0003\000.\0003\000.\0003\000.\0004\000\040\000s\000o\000l\000i\000c\000i\000t\000a\000r\000D\000e\000v\000o\000l\000u\000c\000i\000o\000n\000\050\000\051}{subsection.3.3.3}% 22
\BOOKMARK [1][-]{section.3.4}{\376\377\0003\000.\0004\000\040\000c\000o\000m\000.\000p\000c\000g\000e\000s\000t\000i\000o\000n\000.\000C\000l\000i\000e\000n\000t\000e\000T\000e\000s\000t\000\040\000C\000l\000a\000s\000s\000\040\000R\000e\000f\000e\000r\000e\000n\000c\000e}{chapter.3}% 23
\BOOKMARK [1][-]{section.3.5}{\376\377\0003\000.\0005\000\040\000c\000o\000m\000.\000p\000c\000g\000e\000s\000t\000i\000o\000n\000.\000D\000e\000t\000a\000l\000l\000e\000P\000e\000d\000i\000d\000o\000\040\000C\000l\000a\000s\000s\000\040\000R\000e\000f\000e\000r\000e\000n\000c\000e}{chapter.3}% 24
\BOOKMARK [2][-]{subsection.3.5.1}{\376\377\0003\000.\0005\000.\0001\000\040\000D\000e\000t\000a\000i\000l\000e\000d\000\040\000D\000e\000s\000c\000r\000i\000p\000t\000i\000o\000n}{section.3.5}% 25
\BOOKMARK [1][-]{section.3.6}{\376\377\0003\000.\0006\000\040\000c\000o\000m\000.\000p\000c\000g\000e\000s\000t\000i\000o\000n\000.\000D\000e\000v\000o\000l\000u\000c\000i\000o\000n\000\040\000C\000l\000a\000s\000s\000\040\000R\000e\000f\000e\000r\000e\000n\000c\000e}{chapter.3}% 26
\BOOKMARK [2][-]{subsection.3.6.1}{\376\377\0003\000.\0006\000.\0001\000\040\000D\000e\000t\000a\000i\000l\000e\000d\000\040\000D\000e\000s\000c\000r\000i\000p\000t\000i\000o\000n}{section.3.6}% 27
\BOOKMARK [2][-]{subsection.3.6.2}{\376\377\0003\000.\0006\000.\0002\000\040\000M\000e\000m\000b\000e\000r\000\040\000F\000u\000n\000c\000t\000i\000o\000n\000\040\000D\000o\000c\000u\000m\000e\000n\000t\000a\000t\000i\000o\000n}{section.3.6}% 28
\BOOKMARK [3][-]{subsubsection.3.6.2.1}{\376\377\0003\000.\0006\000.\0002\000.\0001\000\040\000p\000r\000o\000c\000e\000s\000a\000r\000\050\000\051}{subsection.3.6.2}% 29
\BOOKMARK [3][-]{subsubsection.3.6.2.2}{\376\377\0003\000.\0006\000.\0002\000.\0002\000\040\000s\000o\000l\000i\000c\000i\000t\000a\000r\000\050\000\051}{subsection.3.6.2}% 30
\BOOKMARK [1][-]{section.3.7}{\376\377\0003\000.\0007\000\040\000c\000o\000m\000.\000p\000c\000g\000e\000s\000t\000i\000o\000n\000.\000I\000n\000v\000e\000n\000t\000a\000r\000i\000o\000\040\000C\000l\000a\000s\000s\000\040\000R\000e\000f\000e\000r\000e\000n\000c\000e}{chapter.3}% 31
\BOOKMARK [2][-]{subsection.3.7.1}{\376\377\0003\000.\0007\000.\0001\000\040\000D\000e\000t\000a\000i\000l\000e\000d\000\040\000D\000e\000s\000c\000r\000i\000p\000t\000i\000o\000n}{section.3.7}% 32
\BOOKMARK [2][-]{subsection.3.7.2}{\376\377\0003\000.\0007\000.\0002\000\040\000C\000o\000n\000s\000t\000r\000u\000c\000t\000o\000r\000\040\000\046\000\040\000D\000e\000s\000t\000r\000u\000c\000t\000o\000r\000\040\000D\000o\000c\000u\000m\000e\000n\000t\000a\000t\000i\000o\000n}{section.3.7}% 33
\BOOKMARK [3][-]{subsubsection.3.7.2.1}{\376\377\0003\000.\0007\000.\0002\000.\0001\000\040\000I\000n\000v\000e\000n\000t\000a\000r\000i\000o\000\050\000\051}{subsection.3.7.2}% 34
\BOOKMARK [2][-]{subsection.3.7.3}{\376\377\0003\000.\0007\000.\0003\000\040\000M\000e\000m\000b\000e\000r\000\040\000F\000u\000n\000c\000t\000i\000o\000n\000\040\000D\000o\000c\000u\000m\000e\000n\000t\000a\000t\000i\000o\000n}{section.3.7}% 35
\BOOKMARK [3][-]{subsubsection.3.7.3.1}{\376\377\0003\000.\0007\000.\0003\000.\0001\000\040\000b\000u\000s\000c\000a\000r\000P\000r\000o\000d\000u\000c\000t\000o\000P\000o\000r\000N\000o\000m\000b\000r\000e\000\050\000\051}{subsection.3.7.3}% 36
\BOOKMARK [3][-]{subsubsection.3.7.3.2}{\376\377\0003\000.\0007\000.\0003\000.\0002\000\040\000l\000i\000s\000t\000a\000r\000P\000r\000o\000d\000u\000c\000t\000o\000s\000\050\000\051}{subsection.3.7.3}% 37
\BOOKMARK [1][-]{section.3.8}{\376\377\0003\000.\0008\000\040\000c\000o\000m\000.\000p\000c\000g\000e\000s\000t\000i\000o\000n\000.\000M\000a\000i\000n\000\040\000C\000l\000a\000s\000s\000\040\000R\000e\000f\000e\000r\000e\000n\000c\000e}{chapter.3}% 38
\BOOKMARK [2][-]{subsection.3.8.1}{\376\377\0003\000.\0008\000.\0001\000\040\000D\000e\000t\000a\000i\000l\000e\000d\000\040\000D\000e\000s\000c\000r\000i\000p\000t\000i\000o\000n}{section.3.8}% 39
\BOOKMARK [2][-]{subsection.3.8.2}{\376\377\0003\000.\0008\000.\0002\000\040\000M\000e\000m\000b\000e\000r\000\040\000F\000u\000n\000c\000t\000i\000o\000n\000\040\000D\000o\000c\000u\000m\000e\000n\000t\000a\000t\000i\000o\000n}{section.3.8}% 40
\BOOKMARK [3][-]{subsubsection.3.8.2.1}{\376\377\0003\000.\0008\000.\0002\000.\0001\000\040\000m\000a\000i\000n\000\050\000\051}{subsection.3.8.2}% 41
\BOOKMARK [1][-]{section.3.9}{\376\377\0003\000.\0009\000\040\000c\000o\000m\000.\000p\000c\000g\000e\000s\000t\000i\000o\000n\000.\000P\000C\000G\000e\000s\000t\000i\000o\000n\000C\000u\000c\000u\000m\000b\000e\000r\000T\000e\000s\000t\000\040\000C\000l\000a\000s\000s\000\040\000R\000e\000f\000e\000r\000e\000n\000c\000e}{chapter.3}% 42
\BOOKMARK [1][-]{section.3.10}{\376\377\0003\000.\0001\0000\000\040\000c\000o\000m\000.\000p\000c\000g\000e\000s\000t\000i\000o\000n\000.\000P\000C\000G\000e\000s\000t\000i\000o\000n\000I\000n\000t\000e\000g\000r\000a\000t\000i\000o\000n\000T\000e\000s\000t\000\040\000C\000l\000a\000s\000s\000\040\000R\000e\000f\000e\000r\000e\000n\000c\000e}{chapter.3}% 43
\BOOKMARK [1][-]{section.3.11}{\376\377\0003\000.\0001\0001\000\040\000c\000o\000m\000.\000p\000c\000g\000e\000s\000t\000i\000o\000n\000.\000P\000e\000d\000i\000d\000o\000\040\000C\000l\000a\000s\000s\000\040\000R\000e\000f\000e\000r\000e\000n\000c\000e}{chapter.3}% 44
\BOOKMARK [2][-]{subsection.3.11.1}{\376\377\0003\000.\0001\0001\000.\0001\000\040\000D\000e\000t\000a\000i\000l\000e\000d\000\040\000D\000e\000s\000c\000r\000i\000p\000t\000i\000o\000n}{section.3.11}% 45
\BOOKMARK [2][-]{subsection.3.11.2}{\376\377\0003\000.\0001\0001\000.\0002\000\040\000M\000e\000m\000b\000e\000r\000\040\000F\000u\000n\000c\000t\000i\000o\000n\000\040\000D\000o\000c\000u\000m\000e\000n\000t\000a\000t\000i\000o\000n}{section.3.11}% 46
\BOOKMARK [3][-]{subsubsection.3.11.2.1}{\376\377\0003\000.\0001\0001\000.\0002\000.\0001\000\040\000c\000a\000n\000c\000e\000l\000a\000r\000\050\000\051}{subsection.3.11.2}% 47
\BOOKMARK [3][-]{subsubsection.3.11.2.2}{\376\377\0003\000.\0001\0001\000.\0002\000.\0002\000\040\000c\000o\000n\000f\000i\000r\000m\000a\000r\000\050\000\051}{subsection.3.11.2}% 48
\BOOKMARK [1][-]{section.3.12}{\376\377\0003\000.\0001\0002\000\040\000c\000o\000m\000.\000p\000c\000g\000e\000s\000t\000i\000o\000n\000.\000P\000r\000o\000d\000u\000c\000t\000o\000\040\000C\000l\000a\000s\000s\000\040\000R\000e\000f\000e\000r\000e\000n\000c\000e}{chapter.3}% 49
\BOOKMARK [2][-]{subsection.3.12.1}{\376\377\0003\000.\0001\0002\000.\0001\000\040\000D\000e\000t\000a\000i\000l\000e\000d\000\040\000D\000e\000s\000c\000r\000i\000p\000t\000i\000o\000n}{section.3.12}% 50
\BOOKMARK [2][-]{subsection.3.12.2}{\376\377\0003\000.\0001\0002\000.\0002\000\040\000C\000o\000n\000s\000t\000r\000u\000c\000t\000o\000r\000\040\000\046\000\040\000D\000e\000s\000t\000r\000u\000c\000t\000o\000r\000\040\000D\000o\000c\000u\000m\000e\000n\000t\000a\000t\000i\000o\000n}{section.3.12}% 51
\BOOKMARK [3][-]{subsubsection.3.12.2.1}{\376\377\0003\000.\0001\0002\000.\0002\000.\0001\000\040\000P\000r\000o\000d\000u\000c\000t\000o\000\050\000\051\000\040\000[\0001\000/\0002\000]}{subsection.3.12.2}% 52
\BOOKMARK [3][-]{subsubsection.3.12.2.2}{\376\377\0003\000.\0001\0002\000.\0002\000.\0002\000\040\000P\000r\000o\000d\000u\000c\000t\000o\000\050\000\051\000\040\000[\0002\000/\0002\000]}{subsection.3.12.2}% 53
\BOOKMARK [2][-]{subsection.3.12.3}{\376\377\0003\000.\0001\0002\000.\0003\000\040\000M\000e\000m\000b\000e\000r\000\040\000F\000u\000n\000c\000t\000i\000o\000n\000\040\000D\000o\000c\000u\000m\000e\000n\000t\000a\000t\000i\000o\000n}{section.3.12}% 54
\BOOKMARK [3][-]{subsubsection.3.12.3.1}{\376\377\0003\000.\0001\0002\000.\0003\000.\0001\000\040\000a\000c\000t\000u\000a\000l\000i\000z\000a\000r\000S\000t\000o\000c\000k\000\050\000\051}{subsection.3.12.3}% 55
\BOOKMARK [3][-]{subsubsection.3.12.3.2}{\376\377\0003\000.\0001\0002\000.\0003\000.\0002\000\040\000g\000e\000t\000N\000o\000m\000b\000r\000e\000\050\000\051}{subsection.3.12.3}% 56
\BOOKMARK [3][-]{subsubsection.3.12.3.3}{\376\377\0003\000.\0001\0002\000.\0003\000.\0003\000\040\000s\000e\000t\000N\000o\000m\000b\000r\000e\000\050\000\051}{subsection.3.12.3}% 57
\BOOKMARK [1][-]{section.3.13}{\376\377\0003\000.\0001\0003\000\040\000c\000o\000m\000.\000p\000c\000g\000e\000s\000t\000i\000o\000n\000.\000R\000e\000p\000a\000r\000a\000c\000i\000o\000n\000\040\000C\000l\000a\000s\000s\000\040\000R\000e\000f\000e\000r\000e\000n\000c\000e}{chapter.3}% 58
\BOOKMARK [2][-]{subsection.3.13.1}{\376\377\0003\000.\0001\0003\000.\0001\000\040\000D\000e\000t\000a\000i\000l\000e\000d\000\040\000D\000e\000s\000c\000r\000i\000p\000t\000i\000o\000n}{section.3.13}% 59
\BOOKMARK [2][-]{subsection.3.13.2}{\376\377\0003\000.\0001\0003\000.\0002\000\040\000M\000e\000m\000b\000e\000r\000\040\000F\000u\000n\000c\000t\000i\000o\000n\000\040\000D\000o\000c\000u\000m\000e\000n\000t\000a\000t\000i\000o\000n}{section.3.13}% 60
\BOOKMARK [3][-]{subsubsection.3.13.2.1}{\376\377\0003\000.\0001\0003\000.\0002\000.\0001\000\040\000a\000s\000i\000g\000n\000a\000r\000T\000e\000c\000n\000i\000c\000o\000\050\000\051}{subsection.3.13.2}% 61
\BOOKMARK [3][-]{subsubsection.3.13.2.2}{\376\377\0003\000.\0001\0003\000.\0002\000.\0002\000\040\000f\000i\000n\000a\000l\000i\000z\000a\000r\000\050\000\051}{subsection.3.13.2}% 62
\BOOKMARK [1][-]{section.3.14}{\376\377\0003\000.\0001\0004\000\040\000c\000o\000m\000.\000p\000c\000g\000e\000s\000t\000i\000o\000n\000.\000t\000e\000s\000t\000d\000e\000f\000s\000.\000S\000t\000e\000p\000D\000e\000f\000i\000n\000i\000t\000i\000o\000n\000s\000\040\000C\000l\000a\000s\000s\000\040\000R\000e\000f\000e\000r\000e\000n\000c\000e}{chapter.3}% 63
\BOOKMARK [1][-]{section.3.15}{\376\377\0003\000.\0001\0005\000\040\000c\000o\000m\000.\000p\000c\000g\000e\000s\000t\000i\000o\000n\000.\000T\000e\000c\000n\000i\000c\000o\000\040\000C\000l\000a\000s\000s\000\040\000R\000e\000f\000e\000r\000e\000n\000c\000e}{chapter.3}% 64
\BOOKMARK [2][-]{subsection.3.15.1}{\376\377\0003\000.\0001\0005\000.\0001\000\040\000D\000e\000t\000a\000i\000l\000e\000d\000\040\000D\000e\000s\000c\000r\000i\000p\000t\000i\000o\000n}{section.3.15}% 65
\BOOKMARK [1][-]{section.3.16}{\376\377\0003\000.\0001\0006\000\040\000c\000o\000m\000.\000p\000c\000g\000e\000s\000t\000i\000o\000n\000.\000U\000s\000u\000a\000r\000i\000o\000\040\000C\000l\000a\000s\000s\000\040\000R\000e\000f\000e\000r\000e\000n\000c\000e}{chapter.3}% 66
\BOOKMARK [2][-]{subsection.3.16.1}{\376\377\0003\000.\0001\0006\000.\0001\000\040\000D\000e\000t\000a\000i\000l\000e\000d\000\040\000D\000e\000s\000c\000r\000i\000p\000t\000i\000o\000n}{section.3.16}% 67
\BOOKMARK [2][-]{subsection.3.16.2}{\376\377\0003\000.\0001\0006\000.\0002\000\040\000M\000e\000m\000b\000e\000r\000\040\000F\000u\000n\000c\000t\000i\000o\000n\000\040\000D\000o\000c\000u\000m\000e\000n\000t\000a\000t\000i\000o\000n}{section.3.16}% 68
\BOOKMARK [3][-]{subsubsection.3.16.2.1}{\376\377\0003\000.\0001\0006\000.\0002\000.\0001\000\040\000c\000e\000r\000r\000a\000r\000S\000e\000s\000i\000o\000n\000\050\000\051}{subsection.3.16.2}% 69
\BOOKMARK [3][-]{subsubsection.3.16.2.2}{\376\377\0003\000.\0001\0006\000.\0002\000.\0002\000\040\000i\000n\000i\000c\000i\000a\000r\000S\000e\000s\000i\000o\000n\000\050\000\051}{subsection.3.16.2}% 70
