This is pdfTeX, Version 3.141592653-2.6-1.40.27 (MiKTeX 25.4) (preloaded format=pdflatex 2025.5.3)  3 MAY 2025 20:56
entering extended mode
 restricted \write18 enabled.
 %&-line parsing enabled.
**./refman.tex
(refman.tex
LaTeX2e <2024-11-01> patch level 2
L3 programming layer <2025-03-26>
(C:\Program Files\MiKTeX\tex/generic/iftex\iftex.sty
Package: iftex 2024/12/12 v1.0g TeX engine tests
)
(C:\Program Files\MiKTeX\tex/latex/base\book.cls
Document Class: book 2024/06/29 v1.4n Standard LaTeX document class
(C:\Program Files\MiKTeX\tex/latex/base\bk10.clo
File: bk10.clo 2024/06/29 v1.4n Standard LaTeX file (size option)
)
\c@part=\count197
\c@chapter=\count198
\c@section=\count199
\c@subsection=\count266
\c@subsubsection=\count267
\c@paragraph=\count268
\c@subparagraph=\count269
\c@figure=\count270
\c@table=\count271
\abovecaptionskip=\skip49
\belowcaptionskip=\skip50
\bibindent=\dimen146
)
(C:\Program Files\MiKTeX\tex/latex/base\ifthen.sty
Package: ifthen 2024/03/16 v1.1e Standard LaTeX ifthen package (DPC)
)
(C:\Program Files\MiKTeX\tex/latex/tools\array.sty
Rollback for package 'array' requested -> date 2016-10-06.
         Best approximation is the release introduced on 2016-10-06.

(C:\Program Files\MiKTeX\tex/latex/tools\array-2016-10-06.sty
Package: array 2016/10/06 v2.4d Tabular extension package (FMi)
\col@sep=\dimen147
\extrarowheight=\dimen148
\NC@list=\toks17
\extratabsurround=\skip51
\backup@length=\skip52
))
(C:\Users\Administrator\AppData\Roaming\MiKTeX\tex/generic/infwarerr\infwarerr.
sty
package info suppressed
) (doxygen.sty
Package: doxygen 
 (C:\Program Files\MiKTeX\tex/latex/base\alltt.sty
Package: alltt 2024/07/07 v2.0g defines alltt environment
)
(C:\Program Files\MiKTeX\tex/latex/tools\calc.sty
Package: calc 2023/07/08 v4.3 Infix arithmetic (KKT,FJ)
\calc@Acount=\count272
\calc@Bcount=\count273
\calc@Adimen=\dimen149
\calc@Bdimen=\dimen150
\calc@Askip=\skip53
\calc@Bskip=\skip54
LaTeX Info: Redefining \setlength on input line 80.
LaTeX Info: Redefining \addtolength on input line 81.
\calc@Ccount=\count274
\calc@Cskip=\skip55
)
(C:\Users\Administrator\AppData\Roaming\MiKTeX\tex/latex/float\float.sty
Package: float 2001/11/08 v1.3d Float enhancements (AL)
\c@float@type=\count275
\float@exts=\toks18
\float@box=\box53
\@float@everytoks=\toks19
\@floatcapt=\box54
)
(C:\Program Files\MiKTeX\tex/latex/tools\verbatim.sty
Package: verbatim 2024-01-22 v1.5x LaTeX2e package for verbatim enhancements
\every@verbatim=\toks20
\verbatim@line=\toks21
\verbatim@in@stream=\read2
)
(C:\Program Files\MiKTeX\tex/latex/xcolor\xcolor.sty
Package: xcolor 2024/09/29 v3.02 LaTeX color extensions (UK)

(C:\Program Files\MiKTeX\tex/latex/graphics-cfg\color.cfg
File: color.cfg 2016/01/02 v1.6 sample color configuration
)
Package xcolor Info: Driver file: pdftex.def on input line 274.

(C:\Program Files\MiKTeX\tex/latex/graphics-def\pdftex.def
File: pdftex.def 2024/04/13 v1.2c Graphics/color driver for pdftex
)
(C:\Program Files\MiKTeX\tex/latex/graphics\mathcolor.ltx)
Package xcolor Info: Model `cmy' substituted by `cmy0' on input line 1349.
Package xcolor Info: Model `hsb' substituted by `rgb' on input line 1353.
Package xcolor Info: Model `RGB' extended on input line 1365.
Package xcolor Info: Model `HTML' substituted by `rgb' on input line 1367.
Package xcolor Info: Model `Hsb' substituted by `hsb' on input line 1368.
Package xcolor Info: Model `tHsb' substituted by `hsb' on input line 1369.
Package xcolor Info: Model `HSB' substituted by `hsb' on input line 1370.
Package xcolor Info: Model `Gray' substituted by `gray' on input line 1371.
Package xcolor Info: Model `wave' substituted by `hsb' on input line 1372.
)
(C:\Users\Administrator\AppData\Roaming\MiKTeX\tex/latex/colortbl\colortbl.sty
Package: colortbl 2024/07/06 v1.0i Color table columns (DPC)
\everycr=\toks22
\minrowclearance=\skip56
\rownum=\count276
) (longtable_doxygen.sty
Package: longtable_doxygen 2014/10/28 v4.11 Multi-page Table package (DPC) - fr
ozen version for doxygen
\LTleft=\skip57
\LTright=\skip58
\LTpre=\skip59
\LTpost=\skip60
\LTchunksize=\count277
\LTcapwidth=\dimen151
\LT@head=\box55
\LT@firsthead=\box56
\LT@foot=\box57
\LT@lastfoot=\box58
\LT@cols=\count278
\LT@rows=\count279
\c@LT@tables=\count280
\c@LT@chunks=\count281
\LT@p@ftn=\toks23
) (tabu_doxygen.sty
Package: tabu_doxygen 2011/02/26 v2.8 - flexible LaTeX tabulars (FC), frozen ve
rsion for doxygen

(C:\Users\Administrator\AppData\Roaming\MiKTeX\tex/latex/varwidth\varwidth.sty
Package: varwidth 2009/03/30 ver 0.92;  Variable-width minipages
\@vwid@box=\box59
\sift@deathcycles=\count282
\@vwid@loff=\dimen152
\@vwid@roff=\dimen153
)
\c@taburow=\count283
\tabu@nbcols=\count284
\tabu@cnt=\count285
\tabu@Xcol=\count286
\tabu@alloc=\count287
\tabu@nested=\count288
\tabu@target=\dimen154
\tabu@spreadtarget=\dimen155
\tabu@naturalX=\dimen156
\tabucolX=\dimen157
\tabu@Xsum=\dimen158
\extrarowdepth=\dimen159
\abovetabulinesep=\dimen160
\belowtabulinesep=\dimen161
\tabustrutrule=\dimen162
\tabu@thebody=\toks24
\tabu@footnotes=\toks25
\tabu@box=\box60
\tabu@arstrutbox=\box61
\tabu@hleads=\box62
\tabu@vleads=\box63
\tabu@cellskip=\skip61
)
(C:\Users\Administrator\AppData\Roaming\MiKTeX\tex/latex/fancyvrb\fancyvrb.sty
Package: fancyvrb 2024/01/20 4.5c verbatim text (tvz,hv)

(C:\Program Files\MiKTeX\tex/latex/graphics\keyval.sty
Package: keyval 2022/05/29 v1.15 key=value parser (DPC)
\KV@toks@=\toks26
)
\FV@CodeLineNo=\count289
\FV@InFile=\read3
\FV@TabBox=\box64
\c@FancyVerbLine=\count290
\FV@StepNumber=\count291
\FV@OutFile=\write3
)
(C:\Program Files\MiKTeX\tex/latex/tools\tabularx.sty
Package: tabularx 2023/12/11 v2.12a `tabularx' package (DPC)
\TX@col@width=\dimen163
\TX@old@table=\dimen164
\TX@old@col=\dimen165
\TX@target=\dimen166
\TX@delta=\dimen167
\TX@cols=\count292
\TX@ftn=\toks27
)
(C:\Program Files\MiKTeX\tex/latex/tools\multicol.sty
Package: multicol 2024/09/14 v1.9i multicolumn formatting (FMi)
\c@tracingmulticols=\count293
\mult@box=\box65
\multicol@leftmargin=\dimen168
\c@unbalance=\count294
\c@collectmore=\count295
\doublecol@number=\count296
\multicoltolerance=\count297
\multicolpretolerance=\count298
\full@width=\dimen169
\page@free=\dimen170
\premulticols=\dimen171
\postmulticols=\dimen172
\multicolsep=\skip62
\multicolbaselineskip=\skip63
\partial@page=\box66
\last@line=\box67
\mc@boxedresult=\box68
\maxbalancingoverflow=\dimen173
\mult@rightbox=\box69
\mult@grightbox=\box70
\mult@firstbox=\box71
\mult@gfirstbox=\box72
\@tempa=\box73
\@tempa=\box74
\@tempa=\box75
\@tempa=\box76
\@tempa=\box77
\@tempa=\box78
\@tempa=\box79
\@tempa=\box80
\@tempa=\box81
\@tempa=\box82
\@tempa=\box83
\@tempa=\box84
\@tempa=\box85
\@tempa=\box86
\@tempa=\box87
\@tempa=\box88
\@tempa=\box89
\@tempa=\box90
\@tempa=\box91
\@tempa=\box92
\@tempa=\box93
\@tempa=\box94
\@tempa=\box95
\@tempa=\box96
\@tempa=\box97
\@tempa=\box98
\@tempa=\box99
\@tempa=\box100
\@tempa=\box101
\@tempa=\box102
\@tempa=\box103
\@tempa=\box104
\@tempa=\box105
\@tempa=\box106
\@tempa=\box107
\@tempa=\box108
\c@minrows=\count299
\c@columnbadness=\count300
\c@finalcolumnbadness=\count301
\last@try=\dimen174
\multicolovershoot=\dimen175
\multicolundershoot=\dimen176
\mult@nat@firstbox=\box109
\colbreak@box=\box110
\mc@col@check@num=\count302
)
(C:\Users\Administrator\AppData\Roaming\MiKTeX\tex/latex/multirow\multirow.sty
Package: multirow 2024/11/12 v2.9 Span multiple rows of a table
\multirow@colwidth=\skip64
\multirow@cntb=\count303
\multirow@dima=\skip65
\bigstrutjot=\dimen177
) (C:\Users\Administrator\AppData\Roaming\MiKTeX\tex/latex/hanging\hanging.sty
Package: hanging 2009/09/02 v1.2b hanging paragraphs and punctuation
\h@ngcommawd=\skip66
\h@ngfstopwd=\skip67
\h@ngquotewd=\skip68
\h@ngdquotewd=\skip69
\h@ngquerywd=\skip70
\h@ngexclwd=\skip71
\h@ngcolonwd=\skip72
\h@ngscolonwd=\skip73
)
(C:\Program Files\MiKTeX\tex/generic/iftex\ifpdf.sty
Package: ifpdf 2019/10/25 v3.4 ifpdf legacy package. Use iftex instead.
)
(C:\Users\Administrator\AppData\Roaming\MiKTeX\tex/latex/adjustbox\adjustbox.st
y
Package: adjustbox 2025/02/26 v1.3c Adjusting TeX boxes (trim, clip, ...)
 (C:\Program Files\MiKTeX\tex/latex/xkeyval\xkeyval.sty
Package: xkeyval 2022/06/16 v2.9 package option processing (HA)

(C:\Program Files\MiKTeX\tex/generic/xkeyval\xkeyval.tex
(C:\Program Files\MiKTeX\tex/generic/xkeyval\xkvutils.tex
\XKV@toks=\toks28
\XKV@tempa@toks=\toks29
)
\XKV@depth=\count304
File: xkeyval.tex 2014/12/03 v2.7a key=value parser (HA)
))
(C:\Users\Administrator\AppData\Roaming\MiKTeX\tex/latex/adjustbox\adjcalc.sty
Package: adjcalc 2012/05/16 v1.1 Provides advanced setlength with multiple back
-ends (calc, etex, pgfmath)
)
(C:\Users\Administrator\AppData\Roaming\MiKTeX\tex/latex/adjustbox\trimclip.sty
Package: trimclip 2025/02/21 v1.2a Trim and clip general TeX material
(C:\Program Files\MiKTeX\tex/latex/graphics\graphicx.sty
Package: graphicx 2021/09/16 v1.2d Enhanced LaTeX Graphics (DPC,SPQR)

(C:\Program Files\MiKTeX\tex/latex/graphics\graphics.sty
Package: graphics 2024/08/06 v1.4g Standard LaTeX Graphics (DPC,SPQR)

(C:\Program Files\MiKTeX\tex/latex/graphics\trig.sty
Package: trig 2023/12/02 v1.11 sin cos tan (DPC)
)
(C:\Program Files\MiKTeX\tex/latex/graphics-cfg\graphics.cfg
File: graphics.cfg 2016/06/04 v1.11 sample graphics configuration
)
Package graphics Info: Driver file: pdftex.def on input line 106.
)
\Gin@req@height=\dimen178
\Gin@req@width=\dimen179
)
(C:\Users\Administrator\AppData\Roaming\MiKTeX\tex/latex/collectbox\collectbox.
sty
Package: collectbox 2022/10/17 v0.4c Collect macro arguments as boxes
\collectedbox=\box111
)
\tc@llx=\dimen180
\tc@lly=\dimen181
\tc@urx=\dimen182
\tc@ury=\dimen183
Package trimclip Info: Using driver 'tc-pdftex.def'.

(C:\Users\Administrator\AppData\Roaming\MiKTeX\tex/latex/adjustbox\tc-pdftex.de
f
File: tc-pdftex.def 2025/02/26 v2.3 Clipping driver for pdftex
))
\adjbox@Width=\dimen184
\adjbox@Height=\dimen185
\adjbox@Depth=\dimen186
\adjbox@Totalheight=\dimen187
\adjbox@pwidth=\dimen188
\adjbox@pheight=\dimen189
\adjbox@pdepth=\dimen190
\adjbox@ptotalheight=\dimen191

(C:\Users\Administrator\AppData\Roaming\MiKTeX\tex/latex/ifoddpage\ifoddpage.st
y
Package: ifoddpage 2022/10/18 v1.2 Conditionals for odd/even page detection
\c@checkoddpage=\count305
)) (C:\Program Files\MiKTeX\tex/latex/amsfonts\amssymb.sty
Package: amssymb 2013/01/14 v3.01 AMS font symbols

(C:\Program Files\MiKTeX\tex/latex/amsfonts\amsfonts.sty
Package: amsfonts 2013/01/14 v3.01 Basic AMSFonts support
\@emptytoks=\toks30
\symAMSa=\mathgroup4
\symAMSb=\mathgroup5
LaTeX Font Info:    Redeclaring math symbol \hbar on input line 98.
LaTeX Font Info:    Overwriting math alphabet `\mathfrak' in version `bold'
(Font)                  U/euf/m/n --> U/euf/b/n on input line 106.
))
(C:\Users\Administrator\AppData\Roaming\MiKTeX\tex/latex/stackengine\stackengin
e.sty
Package: stackengine 2021/07/22 v4.11\ Stacking text and objects in convenient 
ways
 (C:\Program Files\MiKTeX\tex/latex/etoolbox\etoolbox.sty
Package: etoolbox 2025/02/11 v2.5l e-TeX tools for LaTeX (JAW)
\etb@tempcnta=\count306
)
(C:\Users\Administrator\AppData\Roaming\MiKTeX\tex/latex/listofitems\listofitem
s.sty
(C:\Users\Administrator\AppData\Roaming\MiKTeX\tex/generic/listofitems\listofit
ems.tex
\loi_cnt_foreach_nest=\count307
\loi_nestcnt=\count308
)
Package: listofitems 2024/03/09 v1.65 Grab items in lists using user-specified 
sep char (CT)
)
\c@@stackindex=\count309
\@boxshift=\skip74
\stack@tmplength=\skip75
\temp@stkl=\skip76
\@stackedboxwidth=\skip77
\@addedbox=\box112
\@anchorbox=\box113
\@insetbox=\box114
\se@backgroundbox=\box115
\stackedbox=\box116
\@centerbox=\box117
\c@ROWcellindex@=\count310
)
(C:\Users\Administrator\AppData\Roaming\MiKTeX\tex/latex/enumitem\enumitem.sty
Package: enumitem 2025/02/06 v3.11 Customized lists
\labelindent=\skip78
\enit@outerparindent=\dimen192
\enit@toks=\toks31
\enit@inbox=\box118
\enit@count@id=\count311
\enitdp@description=\count312
)
(C:\Users\Administrator\AppData\Roaming\MiKTeX\tex/generic/alphalph\alphalph.st
y
Package: alphalph 2019/12/09 v2.6 Convert numbers to letters (HO)

(C:\Users\Administrator\AppData\Roaming\MiKTeX\tex/generic/intcalc\intcalc.sty
Package: intcalc 2019/12/15 v1.3 Expandable calculations with integers (HO)
)) (C:\Users\Administrator\AppData\Roaming\MiKTeX\tex/latex/ulem\ulem.sty
\UL@box=\box119
\UL@hyphenbox=\box120
\UL@skip=\skip79
\UL@hook=\toks32
\UL@height=\dimen193
\UL@pe=\count313
\UL@pixel=\dimen194
\ULC@box=\box121
Package: ulem 2019/11/18
\ULdepth=\dimen195
)
\xrefbox=\box122
\xreflength=\skip80
\CodeWidthChar=\skip81
\CodeHeightChar=\skip82
\DoxyCodeWidth=\skip83
\c@DoxyEnumeratei=\count314
\c@DoxyEnumerateii=\count315
\c@DoxyEnumerateiii=\count316
\c@DoxyEnumerateiv=\count317
\c@DoxyEnumeratev=\count318
\c@DoxyEnumeratevi=\count319
\c@DoxyEnumeratevii=\count320
\c@DoxyEnumerateviii=\count321
\c@DoxyEnumerateix=\count322
\c@DoxyEnumeratex=\count323
\c@DoxyEnumeratexi=\count324
\c@DoxyEnumeratexii=\count325
\enitdp@DoxyEnumerate=\count326
\enitdp@DoxyItemize=\count327
\c@subsubsubsection=\count328
\c@subsubsubsubsection=\count329
\c@subsubsubsubsubsection=\count330
\c@subsubsubsubsubsubsection=\count331
)
(C:\Program Files\MiKTeX\tex/latex/base\inputenc.sty
Package: inputenc 2024/02/08 v1.3d Input encoding file
\inpenc@prehook=\toks33
\inpenc@posthook=\toks34
)
(C:\Program Files\MiKTeX\tex/latex/base\makeidx.sty
Package: makeidx 2021/10/04 v1.0m Standard LaTeX package
)
(C:\Program Files\MiKTeX\tex/latex/base\textcomp.sty
Package: textcomp 2024/04/24 v2.1b Standard LaTeX package
)
(C:\Users\Administrator\AppData\Roaming\MiKTeX\tex/latex/wasysym\wasysym.sty
Package: wasysym 2020/01/19 v2.4 Wasy-2 symbol support package
\symwasy=\mathgroup6
LaTeX Font Info:    Overwriting symbol font `wasy' in version `bold'
(Font)                  U/wasy/m/n --> U/wasy/b/n on input line 93.
)
(C:\Program Files\MiKTeX\tex/generic/iftex\ifxetex.sty
Package: ifxetex 2019/10/25 v0.7 ifxetex legacy package. Use iftex instead.
)
(C:\Program Files\MiKTeX\tex/latex/base\fontenc.sty
Package: fontenc 2021/04/29 v2.0v Standard LaTeX package
)
(C:\Users\Administrator\AppData\Roaming\MiKTeX\tex/latex/psnfss\helvet.sty
Package: helvet 2020/03/25 PSNFSS-v9.3 (WaS) 
)
(C:\Users\Administrator\AppData\Roaming\MiKTeX\tex/latex/psnfss\courier.sty
Package: courier 2020/03/25 PSNFSS-v9.3 (WaS) 
)
(C:\Users\Administrator\AppData\Roaming\MiKTeX\tex/latex/geometry\geometry.sty
Package: geometry 2020/01/02 v5.9 Page Geometry

(C:\Program Files\MiKTeX\tex/generic/iftex\ifvtex.sty
Package: ifvtex 2019/10/25 v1.7 ifvtex legacy package. Use iftex instead.
)
\Gm@cnth=\count332
\Gm@cntv=\count333
\c@Gm@tempcnt=\count334
\Gm@bindingoffset=\dimen196
\Gm@wd@mp=\dimen197
\Gm@odd@mp=\dimen198
\Gm@even@mp=\dimen199
\Gm@layoutwidth=\dimen256
\Gm@layoutheight=\dimen257
\Gm@layouthoffset=\dimen258
\Gm@layoutvoffset=\dimen259
\Gm@dimlist=\toks35

(C:\Users\Administrator\AppData\Roaming\MiKTeX\tex/latex/geometry\geometry.cfg)
)
(C:\Users\Administrator\AppData\Roaming\MiKTeX\tex/latex/changepage\changepage.
sty
Package: changepage 2009/10/20 v1.0c check page and change page layout
\c@cp@cntr=\count335
\cp@tempcnt=\count336
LaTeX Info: Redefining \checkoddpage on input line 59.
)
(C:\Users\Administrator\AppData\Roaming\MiKTeX\tex/latex/fancyhdr\fancyhdr.sty
Package: fancyhdr 2025/02/07 v5.2 Extensive control of page headers and footers

\f@nch@headwidth=\skip84
\f@nch@offset@elh=\skip85
\f@nch@offset@erh=\skip86
\f@nch@offset@olh=\skip87
\f@nch@offset@orh=\skip88
\f@nch@offset@elf=\skip89
\f@nch@offset@erf=\skip90
\f@nch@offset@olf=\skip91
\f@nch@offset@orf=\skip92
\f@nch@height=\skip93
\f@nch@footalignment=\skip94
\f@nch@widthL=\skip95
\f@nch@widthC=\skip96
\f@nch@widthR=\skip97
\@temptokenb=\toks36
) (C:\Users\Administrator\AppData\Roaming\MiKTeX\tex/latex/natbib\natbib.sty
Package: natbib 2010/09/13 8.31b (PWD, AO)
\bibhang=\skip98
\bibsep=\skip99
LaTeX Info: Redefining \cite on input line 694.
\c@NAT@ctr=\count337
)
(C:\Users\Administrator\AppData\Roaming\MiKTeX\tex/latex/tocloft\tocloft.sty
Package: tocloft 2017/08/31 v2.3i parameterised ToC, etc., typesetting
Package tocloft Info: The document has chapter divisions on input line 51.
\cftparskip=\skip100
\cftbeforetoctitleskip=\skip101
\cftaftertoctitleskip=\skip102
\cftbeforepartskip=\skip103
\cftpartnumwidth=\skip104
\cftpartindent=\skip105
\cftbeforechapskip=\skip106
\cftchapindent=\skip107
\cftchapnumwidth=\skip108
\cftbeforesecskip=\skip109
\cftsecindent=\skip110
\cftsecnumwidth=\skip111
\cftbeforesubsecskip=\skip112
\cftsubsecindent=\skip113
\cftsubsecnumwidth=\skip114
\cftbeforesubsubsecskip=\skip115
\cftsubsubsecindent=\skip116
\cftsubsubsecnumwidth=\skip117
\cftbeforeparaskip=\skip118
\cftparaindent=\skip119
\cftparanumwidth=\skip120
\cftbeforesubparaskip=\skip121
\cftsubparaindent=\skip122
\cftsubparanumwidth=\skip123
\cftbeforeloftitleskip=\skip124
\cftafterloftitleskip=\skip125
\cftbeforefigskip=\skip126
\cftfigindent=\skip127
\cftfignumwidth=\skip128
\c@lofdepth=\count338
\c@lotdepth=\count339
\cftbeforelottitleskip=\skip129
\cftafterlottitleskip=\skip130
\cftbeforetabskip=\skip131
\cfttabindent=\skip132
\cfttabnumwidth=\skip133
)
\@indexfile=\write4
\openout4 = `refman.idx'.


Writing index file refman.idx

(C:\Users\Administrator\AppData\Roaming\MiKTeX\tex/latex/newunicodechar\newunic
odechar.sty
Package: newunicodechar 2018/04/08 v1.2 Defining Unicode characters
) (C:\Program Files\MiKTeX\tex/latex/hyperref\hyperref.sty
Package: hyperref 2024-11-05 v7.01l Hypertext links for LaTeX

(C:\Users\Administrator\AppData\Roaming\MiKTeX\tex/latex/kvsetkeys\kvsetkeys.st
y
Package: kvsetkeys 2022-10-05 v1.19 Key value parser (HO)
)
(C:\Users\Administrator\AppData\Roaming\MiKTeX\tex/generic/kvdefinekeys\kvdefin
ekeys.sty
Package: kvdefinekeys 2019-12-19 v1.6 Define keys (HO)
)
(C:\Users\Administrator\AppData\Roaming\MiKTeX\tex/generic/pdfescape\pdfescape.
sty
Package: pdfescape 2019/12/09 v1.15 Implements pdfTeX's escape features (HO)

(C:\Users\Administrator\AppData\Roaming\MiKTeX\tex/generic/ltxcmds\ltxcmds.sty
Package: ltxcmds 2023-12-04 v1.26 LaTeX kernel commands for general use (HO)
) (C:\Program Files\MiKTeX\tex/generic/pdftexcmds\pdftexcmds.sty
Package: pdftexcmds 2020-06-27 v0.33 Utility functions of pdfTeX for LuaTeX (HO
)
Package pdftexcmds Info: \pdf@primitive is available.
Package pdftexcmds Info: \pdf@ifprimitive is available.
Package pdftexcmds Info: \pdfdraftmode found.
))
(C:\Users\Administrator\AppData\Roaming\MiKTeX\tex/latex/hycolor\hycolor.sty
Package: hycolor 2020-01-27 v1.10 Color options for hyperref/bookmark (HO)
)
(C:\Program Files\MiKTeX\tex/latex/hyperref\nameref.sty
Package: nameref 2023-11-26 v2.56 Cross-referencing by name of section

(C:\Users\Administrator\AppData\Roaming\MiKTeX\tex/latex/refcount\refcount.sty
Package: refcount 2019/12/15 v3.6 Data extraction from label references (HO)
)
(C:\Users\Administrator\AppData\Roaming\MiKTeX\tex/generic/gettitlestring\getti
tlestring.sty
Package: gettitlestring 2019/12/15 v1.6 Cleanup title references (HO)

(C:\Users\Administrator\AppData\Roaming\MiKTeX\tex/latex/kvoptions\kvoptions.st
y
Package: kvoptions 2022-06-15 v3.15 Key value format for package options (HO)
))
\c@section@level=\count340
)
(C:\Users\Administrator\AppData\Roaming\MiKTeX\tex/generic/stringenc\stringenc.
sty
Package: stringenc 2019/11/29 v1.12 Convert strings between diff. encodings (HO
)
)
\@linkdim=\dimen260
\Hy@linkcounter=\count341
\Hy@pagecounter=\count342
 (C:\Program Files\MiKTeX\tex/latex/hyperref\pd1enc.def
File: pd1enc.def 2024-11-05 v7.01l Hyperref: PDFDocEncoding definition (HO)
Now handling font encoding PD1 ...
... no UTF-8 mapping file for font encoding PD1
)
\Hy@SavedSpaceFactor=\count343

(C:\Program Files\MiKTeX\tex/latex/hyperref\puenc.def
File: puenc.def 2024-11-05 v7.01l Hyperref: PDF Unicode definition (HO)
Now handling font encoding PU ...
... no UTF-8 mapping file for font encoding PU
)
Package hyperref Info: Hyper figures OFF on input line 4157.
Package hyperref Info: Link nesting OFF on input line 4162.
Package hyperref Info: Hyper index ON on input line 4165.
Package hyperref Info: Plain pages OFF on input line 4172.
Package hyperref Info: Backreferencing ON on input line 4175.
Package hyperref Info: Implicit mode ON; LaTeX internals redefined.
Package hyperref Info: Bookmarks ON on input line 4424.

(C:\Program Files\MiKTeX\tex/latex/hyperref\backref.sty
Package: backref 2023-11-26 v1.44 Bibliographical back referencing

(C:\Users\Administrator\AppData\Roaming\MiKTeX\tex/latex/rerunfilecheck\rerunfi
lecheck.sty
Package: rerunfilecheck 2022-07-10 v1.10 Rerun checks for auxiliary files (HO)
 (C:\Program Files\MiKTeX\tex/latex/base\atveryend-ltx.sty
Package: atveryend-ltx 2020/08/19 v1.0a Emulation of the original atveryend pac
kage
with kernel methods
)
(C:\Users\Administrator\AppData\Roaming\MiKTeX\tex/generic/uniquecounter\unique
counter.sty
Package: uniquecounter 2019/12/15 v1.4 Provide unlimited unique counter (HO)

(C:\Users\Administrator\AppData\Roaming\MiKTeX\tex/generic/bigintcalc\bigintcal
c.sty
Package: bigintcalc 2019/12/15 v1.5 Expandable calculations on big integers (HO
)
))
Package uniquecounter Info: New unique counter `rerunfilecheck' on input line 2
85.
))
\c@Hy@tempcnt=\count344
 (C:\Program Files\MiKTeX\tex/latex/url\url.sty
\Urlmuskip=\muskip17
Package: url 2013/09/16  ver 3.4  Verb mode for urls, etc.
)
LaTeX Info: Redefining \url on input line 4763.
\XeTeXLinkMargin=\dimen261

(C:\Users\Administrator\AppData\Roaming\MiKTeX\tex/generic/bitset\bitset.sty
Package: bitset 2019/12/09 v1.3 Handle bit-vector datatype (HO)
)
\Fld@menulength=\count345
\Field@Width=\dimen262
\Fld@charsize=\dimen263
Package hyperref Info: Hyper figures OFF on input line 6042.
Package hyperref Info: Link nesting OFF on input line 6047.
Package hyperref Info: Hyper index ON on input line 6050.
Package hyperref Info: backreferencing ON on input line 6055.
Package hyperref Info: Link coloring OFF on input line 6062.
Package hyperref Info: Link coloring with OCG OFF on input line 6067.
Package hyperref Info: PDF/A mode OFF on input line 6072.

(C:\Program Files\MiKTeX\tex/latex/base\atbegshi-ltx.sty
Package: atbegshi-ltx 2021/01/10 v1.0c Emulation of the original atbegshi
package with kernel methods
)
\Hy@abspage=\count346
\c@Item=\count347
\c@Hfootnote=\count348
)
Package hyperref Info: Driver: hpdftex.

(C:\Program Files\MiKTeX\tex/latex/hyperref\hpdftex.def
File: hpdftex.def 2024-11-05 v7.01l Hyperref driver for pdfTeX
\Fld@listcount=\count349
\c@bookmark@seq@number=\count350
\Hy@SectionHShift=\skip134
)
Package hyperref Info: Option `colorlinks' set `true' on input line 187.
Package hyperref Info: Option `unicode' set `true' on input line 187.

(C:\Users\Administrator\AppData\Roaming\MiKTeX\tex/latex/caption\caption.sty
Package: caption 2023/08/05 v3.6o Customizing captions (AR)

(C:\Users\Administrator\AppData\Roaming\MiKTeX\tex/latex/caption\caption3.sty
Package: caption3 2023/07/31 v2.4d caption3 kernel (AR)
\caption@tempdima=\dimen264
\captionmargin=\dimen265
\caption@leftmargin=\dimen266
\caption@rightmargin=\dimen267
\caption@width=\dimen268
\caption@indent=\dimen269
\caption@parindent=\dimen270
\caption@hangindent=\dimen271
Package caption Info: Standard document class detected.
)
\c@caption@flags=\count351
\c@continuedfloat=\count352
Package caption Info: changepage package is loaded.
\caption@adjustwidth@hsize=\dimen272
\caption@adjustwidth@linewidth=\dimen273
Package caption Info: float package is loaded.
Package caption Info: hyperref package is loaded.
Package caption Info: longtable package is loaded.

(C:\Users\Administrator\AppData\Roaming\MiKTeX\tex/latex/caption\ltcaption.sty
Package: ltcaption 2021/01/08 v1.4c longtable captions (AR)
)) (C:\Users\Administrator\AppData\Roaming\MiKTeX\tex/latex/etoc\etoc.sty
Package: etoc 2023/10/29 v1.2d Completely customisable TOCs (JFB)
\Etoc@toctoks=\toks37
\c@etoc@tocid=\count353
\etoc@framed@titlebox=\box123
\etoc@framed@contentsbox=\box124
)
LaTeX Font Info:    Trying to load font information for T1+phv on input line 20
9.

(C:\Users\Administrator\AppData\Roaming\MiKTeX\tex/latex/psnfss\t1phv.fd
File: t1phv.fd 2020/03/25 scalable font definitions for T1/phv.
)
LaTeX Font Info:    Font shape `T1/phv/m/n' will be
(Font)              scaled to size 8.99994pt on input line 209.

(C:\Program Files\MiKTeX\tex/latex/l3backend\l3backend-pdftex.def
File: l3backend-pdftex.def 2025-03-14 L3 backend support: PDF output (pdfTeX)
\l__color_backend_stack_int=\count354
) (refman.aux)
\openout1 = `refman.aux'.

LaTeX Font Info:    Checking defaults for OML/cmm/m/it on input line 209.
LaTeX Font Info:    ... okay on input line 209.
LaTeX Font Info:    Checking defaults for OMS/cmsy/m/n on input line 209.
LaTeX Font Info:    ... okay on input line 209.
LaTeX Font Info:    Checking defaults for OT1/cmr/m/n on input line 209.
LaTeX Font Info:    ... okay on input line 209.
LaTeX Font Info:    Checking defaults for T1/cmr/m/n on input line 209.
LaTeX Font Info:    ... okay on input line 209.
LaTeX Font Info:    Checking defaults for TS1/cmr/m/n on input line 209.
LaTeX Font Info:    ... okay on input line 209.
LaTeX Font Info:    Checking defaults for OMX/cmex/m/n on input line 209.
LaTeX Font Info:    ... okay on input line 209.
LaTeX Font Info:    Checking defaults for U/cmr/m/n on input line 209.
LaTeX Font Info:    ... okay on input line 209.
LaTeX Font Info:    Checking defaults for PD1/pdf/m/n on input line 209.
LaTeX Font Info:    ... okay on input line 209.
LaTeX Font Info:    Checking defaults for PU/pdf/m/n on input line 209.
LaTeX Font Info:    ... okay on input line 209.
(C:\Program Files\MiKTeX\tex/context/base/mkii\supp-pdf.mkii
[Loading MPS to PDF converter (version 2006.09.02).]
\scratchcounter=\count355
\scratchdimen=\dimen274
\scratchbox=\box125
\nofMPsegments=\count356
\nofMParguments=\count357
\everyMPshowfont=\toks38
\MPscratchCnt=\count358
\MPscratchDim=\dimen275
\MPnumerator=\count359
\makeMPintoPDFobject=\count360
\everyMPtoPDFconversion=\toks39
) (C:\Program Files\MiKTeX\tex/latex/epstopdf-pkg\epstopdf-base.sty
Package: epstopdf-base 2020-01-24 v2.11 Base part for package epstopdf
Package epstopdf-base Info: Redefining graphics rule for `.eps' on input line 4
85.

(C:\Program Files\MiKTeX\tex/latex/00miktex\epstopdf-sys.cfg
File: epstopdf-sys.cfg 2021/03/18 v2.0 Configuration of epstopdf for MiKTeX
))
*geometry* driver: auto-detecting
*geometry* detected driver: pdftex
*geometry* verbose mode - [ preamble ] result:
* driver: pdftex
* paper: a4paper
* layout: <same size as paper>
* layoutoffset:(h,v)=(0.0pt,0.0pt)
* modes: twoside 
* h-part:(L,W,R)=(71.13188pt, 455.24411pt, 71.13188pt)
* v-part:(T,H,B)=(71.13188pt, 702.78308pt, 71.13188pt)
* \paperwidth=597.50787pt
* \paperheight=845.04684pt
* \textwidth=455.24411pt
* \textheight=702.78308pt
* \oddsidemargin=-1.1381pt
* \evensidemargin=-1.1381pt
* \topmargin=-31.2056pt
* \headheight=12.0pt
* \headsep=18.06749pt
* \topskip=10.0pt
* \footskip=25.29494pt
* \marginparwidth=125.0pt
* \marginparsep=7.0pt
* \columnsep=10.0pt
* \skip\footins=9.0pt plus 4.0pt minus 2.0pt
* \hoffset=0.0pt
* \voffset=0.0pt
* \mag=1000
* \@twocolumnfalse
* \@twosidetrue
* \@mparswitchtrue
* \@reversemarginfalse
* (1in=72.27pt=25.4mm, 1cm=28.453pt)

Package backref Info: ** backref set up for natbib ** on input line 209.
Package hyperref Info: Link coloring ON on input line 209.
(refman.out) (refman.out)
\@outlinefile=\write5
\openout5 = `refman.out'.

Package caption Info: Begin \AtBeginDocument code.
Package caption Info: End \AtBeginDocument code.
\Etoc@tf=\read4
Package hyperref Info: Option `pageanchor' set `false' on input line 217.
Package hyperref Info: Option `bookmarksnumbered' set `true' on input line 217.

Package hyperref Info: Option `unicode' set `true' on input line 217.
LaTeX Font Info:    Font shape `T1/phv/m/n' will be
(Font)              scaled to size 12.9599pt on input line 222.
LaTeX Font Info:    Font shape `T1/phv/m/n' will be
(Font)              scaled to size 10.79993pt on input line 224.


[1


{C:/Users/Administrator/AppData/Local/MiKTeX/fonts/map/pdftex/pdftex.map}{C:/Pr
ogram Files/MiKTeX/fonts/enc/dvips/base/8r.enc}]

[2

]
\tf@toc=\write6
\openout6 = `refman.toc'.

LaTeX Font Info:    Font shape `T1/phv/b/n' will be
(Font)              scaled to size 8.99994pt on input line 230.
LaTeX Font Info:    Trying to load font information for U+msa on input line 230
.
 (C:\Program Files\MiKTeX\tex/latex/amsfonts\umsa.fd
File: umsa.fd 2013/01/14 v3.01 AMS symbols A
)
LaTeX Font Info:    Trying to load font information for U+msb on input line 230
.

(C:\Program Files\MiKTeX\tex/latex/amsfonts\umsb.fd
File: umsb.fd 2013/01/14 v3.01 AMS symbols B
)
LaTeX Font Info:    Trying to load font information for U+wasy on input line 23
0.

(C:\Users\Administrator\AppData\Roaming\MiKTeX\tex/latex/wasysym\uwasy.fd
File: uwasy.fd 2020/01/19 v2.4 Wasy-2 symbol font definitions
)
LaTeX Font Info:    Font shape `T1/phv/m/n' will be
(Font)              scaled to size 6.29996pt on input line 230.


LaTeX Font Info:    Font shape `T1/phv/b/n' will be
(Font)              scaled to size 6.29996pt on input line 230.
[1]
LaTeX Font Info:    Font shape `T1/phv/m/n' will be
(Font)              scaled to size 7.19995pt on input line 230.
LaTeX Font Info:    Trying to load font information for T1+pcr on input line 23
0.
 (C:\Users\Administrator\AppData\Roaming\MiKTeX\tex/latex/psnfss\t1pcr.fd
File: t1pcr.fd 2001/06/04 font definitions for T1/pcr.
)

[2]
Package hyperref Info: Option `pageanchor' set `true' on input line 233.

Chapter 1.
LaTeX Font Info:    Font shape `T1/phv/m/n' will be
(Font)              scaled to size 18.66588pt on input line 235.
LaTeX Font Info:    Font shape `T1/phv/b/n' will be
(Font)              scaled to size 18.66588pt on input line 235.
LaTeX Font Info:    Font shape `T1/phv/b/n' will be
(Font)              scaled to size 22.39185pt on input line 235.
(hierarchy.tex
LaTeX Font Info:    Font shape `T1/phv/b/n' will be
(Font)              scaled to size 12.9599pt on input line 1.
)

[1


]

[2

]
Chapter 2.
(annotated.tex)

[3]

[4

]
Chapter 3.
(classcom_1_1pcgestion_1_1_administrador.tex <./classcom_1_1pcgestion_1_1_admin
istrador__inherit__graph.pdf>
<classcom_1_1pcgestion_1_1_administrador__inherit__graph.pdf, id=451, 215.80624
pt x 293.095pt>
File: classcom_1_1pcgestion_1_1_administrador__inherit__graph.pdf Graphic file 
(type pdf)
<use classcom_1_1pcgestion_1_1_administrador__inherit__graph.pdf>
Package pdftex.def Info: classcom_1_1pcgestion_1_1_administrador__inherit__grap
h.pdf  used on input line 10.
(pdftex.def)             Requested size: 215.0pt x 292.0075pt.
 <./classcom_1_1pcgestion_1_1_administrador__coll__graph.pdf>
<classcom_1_1pcgestion_1_1_administrador__coll__graph.pdf, id=466, 215.80624pt 
x 293.095pt>
File: classcom_1_1pcgestion_1_1_administrador__coll__graph.pdf Graphic file (ty
pe pdf)
<use classcom_1_1pcgestion_1_1_administrador__coll__graph.pdf>
Package pdftex.def Info: classcom_1_1pcgestion_1_1_administrador__coll__graph.p
df  used on input line 20.
(pdftex.def)             Requested size: 215.0pt x 292.0075pt.


[5]
LaTeX Font Info:    Trying to load font information for TS1+phv on input line 2
6.
 (C:\Users\Administrator\AppData\Roaming\MiKTeX\tex/latex/psnfss\ts1phv.fd
File: ts1phv.fd 2020/03/25 scalable font definitions for TS1/phv.
)
LaTeX Font Info:    Font shape `TS1/phv/m/n' will be
(Font)              scaled to size 8.99994pt on input line 26.
LaTeX Font Info:    Font shape `T1/phv/b/n' will be
(Font)              scaled to size 10.79993pt on input line 31.
LaTeX Font Info:    Font shape `T1/pcr/m/it' in size <8> not available
(Font)              Font shape `T1/pcr/m/sl' tried instead on input line 54.


[6]
Underfull \hbox (badness 10000) detected at line 61
[][][]
 []

) (classcom_1_1pcgestion_1_1_calculadora_i_v_a.tex <./classcom_1_1pcgestion_1_1
_calculadora_i_v_a__coll__graph.pdf>
<classcom_1_1pcgestion_1_1_calculadora_i_v_a__coll__graph.pdf, id=507, 222.8325
pt x 130.4875pt>
File: classcom_1_1pcgestion_1_1_calculadora_i_v_a__coll__graph.pdf Graphic file
 (type pdf)
<use classcom_1_1pcgestion_1_1_calculadora_i_v_a__coll__graph.pdf>
Package pdftex.def Info: classcom_1_1pcgestion_1_1_calculadora_i_v_a__coll__gra
ph.pdf  used on input line 10.
(pdftex.def)             Requested size: 222.0pt x 130.00134pt.
LaTeX Font Info:    Font shape `T1/phv/m/n' will be
(Font)              scaled to size 8.09995pt on input line 28.

! Undefined control sequence.
l.28 ...{DoxyPre}{\ttfamily \newlineCalculadoraIVA
                                                   calculadora = new Calcula...

? r
OK, entering \nonstopmode...
! Undefined control sequence.
l.28 ...dora = new CalculadoraIVA();\newlinedouble
                                                   precioFinal = calculadora...
The control sequence at the end of the top line
of your error message was never \def'ed. If you have
misspelled it (e.g., `\hobx'), type `I' and the correct
spelling (e.g., `I\hbox'). Otherwise just continue,
and I'll forget about whatever was undefined.


Overfull \hbox (138.75522pt too wide) in paragraph at lines 28--28
[]  \T1/pcr/m/n/9 calculadora = new CalculadoraIVA(); precioFinal = calculadora
.calcularPrecioConIVA(100.0); // Devuelve 121.0 
 []


Underfull \hbox (badness 10000) in paragraph at lines 28--28

 []


Underfull \hbox (badness 10000) detected at line 31
[][][]
 []


Underfull \hbox (badness 10000) detected at line 34
[][][]
 []



[7]
Underfull \hbox (badness 10000) detected at line 53
[][][]
 []

) (classcom_1_1pcgestion_1_1_cliente.tex <./classcom_1_1pcgestion_1_1_cliente__
inherit__graph.pdf>
<classcom_1_1pcgestion_1_1_cliente__inherit__graph.pdf, id=533, 192.72pt x 339.
2675pt>
File: classcom_1_1pcgestion_1_1_cliente__inherit__graph.pdf Graphic file (type 
pdf)
<use classcom_1_1pcgestion_1_1_cliente__inherit__graph.pdf>
Package pdftex.def Info: classcom_1_1pcgestion_1_1_cliente__inherit__graph.pdf 
 used on input line 10.
(pdftex.def)             Requested size: 192.0pt x 337.99834pt.
 <./classcom_1_1pcgestion_1_1_cliente__coll__graph.pdf>
<classcom_1_1pcgestion_1_1_cliente__coll__graph.pdf, id=548, 192.72pt x 339.267
5pt>
File: classcom_1_1pcgestion_1_1_cliente__coll__graph.pdf Graphic file (type pdf
)
<use classcom_1_1pcgestion_1_1_cliente__coll__graph.pdf>
Package pdftex.def Info: classcom_1_1pcgestion_1_1_cliente__coll__graph.pdf  us
ed on input line 20.
(pdftex.def)             Requested size: 192.0pt x 337.99834pt.


[8]
! Undefined control sequence.
l.59 \begin{DoxyPre}{\ttfamily \newlineCliente
                                               cliente = new Cliente("{}Ana"...
The control sequence at the end of the top line
of your error message was never \def'ed. If you have
misspelled it (e.g., `\hobx'), type `I' and the correct
spelling (e.g., `I\hbox'). Otherwise just continue,
and I'll forget about whatever was undefined.

! Undefined control sequence.
l.59 ...{}, "{}Calle Falsa 123"{});\newlinecliente
                                                  .solicitarDevolucion(new P...
The control sequence at the end of the top line
of your error message was never \def'ed. If you have
misspelled it (e.g., `\hobx'), type `I' and the correct
spelling (e.g., `I\hbox'). Otherwise just continue,
and I'll forget about whatever was undefined.


Overfull \hbox (138.75522pt too wide) in paragraph at lines 59--59
[]  \T1/pcr/m/n/9 cliente = new Cliente("Ana", "ana@mail.com", "Calle Falsa 123
");.solicitarDevolucion(new Producto("Mouse")); 
 []


Underfull \hbox (badness 10000) in paragraph at lines 59--59

 []



[9]
Underfull \hbox (badness 10000) detected at line 62
[][][]
 []


Underfull \hbox (badness 10000) detected at line 65
[][][]
 []

 <./classcom_1_1pcgestion_1_1_cliente_aa62a628af877732c13af3eaa6d04ea6c_icgraph
.pdf>
<classcom_1_1pcgestion_1_1_cliente_aa62a628af877732c13af3eaa6d04ea6c_icgraph.pd
f, id=596, 400.49625pt x 111.41624pt>
File: classcom_1_1pcgestion_1_1_cliente_aa62a628af877732c13af3eaa6d04ea6c_icgra
ph.pdf Graphic file (type pdf)
<use classcom_1_1pcgestion_1_1_cliente_aa62a628af877732c13af3eaa6d04ea6c_icgrap
h.pdf>
Package pdftex.def Info: classcom_1_1pcgestion_1_1_cliente_aa62a628af877732c13a
f3eaa6d04ea6c_icgraph.pdf  used on input line 109.
(pdftex.def)             Requested size: 350.0pt x 97.37337pt.


[10]
Underfull \hbox (badness 10000) detected at line 120
[][][]
 []

 <./classcom_1_1pcgestion_1_1_cliente_af50026cdf826bb9d58260d7b99c92a9c_cgraph.
pdf>
<classcom_1_1pcgestion_1_1_cliente_af50026cdf826bb9d58260d7b99c92a9c_cgraph.pdf
, id=613, 406.51875pt x 111.41624pt>
File: classcom_1_1pcgestion_1_1_cliente_af50026cdf826bb9d58260d7b99c92a9c_cgrap
h.pdf Graphic file (type pdf)
<use classcom_1_1pcgestion_1_1_cliente_af50026cdf826bb9d58260d7b99c92a9c_cgraph
.pdf>
Package pdftex.def Info: classcom_1_1pcgestion_1_1_cliente_af50026cdf826bb9d582
60d7b99c92a9c_cgraph.pdf  used on input line 154.
(pdftex.def)             Requested size: 350.0pt x 95.93pt.
) (classcom_1_1pcgestion_1_1_cliente_test.tex <./classcom_1_1pcgestion_1_1_clie
nte_test__coll__graph.pdf>
<classcom_1_1pcgestion_1_1_cliente_test__coll__graph.pdf, id=621, 211.79124pt x
 176.66pt>
File: classcom_1_1pcgestion_1_1_cliente_test__coll__graph.pdf Graphic file (typ
e pdf)
<use classcom_1_1pcgestion_1_1_cliente_test__coll__graph.pdf>
Package pdftex.def Info: classcom_1_1pcgestion_1_1_cliente_test__coll__graph.pd
f  used on input line 10.
(pdftex.def)             Requested size: 211.0pt x 176.00722pt.


[11]) (classcom_1_1pcgestion_1_1_detalle_pedido.tex <./classcom_1_1pcgestion_1_
1_detalle_pedido__coll__graph.pdf>
<classcom_1_1pcgestion_1_1_detalle_pedido__coll__graph.pdf, id=644, 216.81pt x 
130.4875pt>
File: classcom_1_1pcgestion_1_1_detalle_pedido__coll__graph.pdf Graphic file (t
ype pdf)
<use classcom_1_1pcgestion_1_1_detalle_pedido__coll__graph.pdf>
Package pdftex.def Info: classcom_1_1pcgestion_1_1_detalle_pedido__coll__graph.
pdf  used on input line 10.
(pdftex.def)             Requested size: 216.0pt x 130.00731pt.
) (classcom_1_1pcgestion_1_1_devolucion.tex <./classcom_1_1pcgestion_1_1_devolu
cion__coll__graph.pdf>
<classcom_1_1pcgestion_1_1_devolucion__coll__graph.pdf, id=659, 204.765pt x 160
.6pt>
File: classcom_1_1pcgestion_1_1_devolucion__coll__graph.pdf Graphic file (type 
pdf)
<use classcom_1_1pcgestion_1_1_devolucion__coll__graph.pdf>
Package pdftex.def Info: classcom_1_1pcgestion_1_1_devolucion__coll__graph.pdf 
 used on input line 10.
(pdftex.def)             Requested size: 204.0pt x 160.009pt.


[12]) (classcom_1_1pcgestion_1_1_inventario.tex <./classcom_1_1pcgestion_1_1_in
ventario__coll__graph.pdf>
<classcom_1_1pcgestion_1_1_inventario__coll__graph.pdf, id=688, 222.8325pt x 16
0.6pt>
File: classcom_1_1pcgestion_1_1_inventario__coll__graph.pdf Graphic file (type 
pdf)
<use classcom_1_1pcgestion_1_1_inventario__coll__graph.pdf>
Package pdftex.def Info: classcom_1_1pcgestion_1_1_inventario__coll__graph.pdf 
 used on input line 10.
(pdftex.def)             Requested size: 222.0pt x 160.00165pt.


[13]
! Undefined control sequence.
l.34 \begin{DoxyPre}{\ttfamily \newlineInventario
                                                  inventario = new Inventari...
The control sequence at the end of the top line
of your error message was never \def'ed. If you have
misspelled it (e.g., `\hobx'), type `I' and the correct
spelling (e.g., `I\hbox'). Otherwise just continue,
and I'll forget about whatever was undefined.

! Undefined control sequence.
l.34 ...ario = new Inventario();\newlineinventario
                                                  .listarProductos();\newlin...
The control sequence at the end of the top line
of your error message was never \def'ed. If you have
misspelled it (e.g., `\hobx'), type `I' and the correct
spelling (e.g., `I\hbox'). Otherwise just continue,
and I'll forget about whatever was undefined.

! Undefined control sequence.
l.34 ...tario.listarProductos();\newlineinventario
                                                  .buscarProductoPorNombre("...
The control sequence at the end of the top line
of your error message was never \def'ed. If you have
misspelled it (e.g., `\hobx'), type `I' and the correct
spelling (e.g., `I\hbox'). Otherwise just continue,
and I'll forget about whatever was undefined.


Underfull \hbox (badness 10000) in paragraph at lines 34--34

 []


Underfull \hbox (badness 10000) detected at line 37
[][][]
 []


Underfull \hbox (badness 10000) detected at line 40
[][][]
 []



[14]) (classcom_1_1pcgestion_1_1_main.tex <./classcom_1_1pcgestion_1_1_main__co
ll__graph.pdf>
<classcom_1_1pcgestion_1_1_main__coll__graph.pdf, id=726, 176.66pt x 130.4875pt
>
File: classcom_1_1pcgestion_1_1_main__coll__graph.pdf Graphic file (type pdf)
<use classcom_1_1pcgestion_1_1_main__coll__graph.pdf>
Package pdftex.def Info: classcom_1_1pcgestion_1_1_main__coll__graph.pdf  used 
on input line 10.
(pdftex.def)             Requested size: 176.0pt x 130.00134pt.


[15]
Underfull \hbox (badness 10000) detected at line 40
[][][]
 []


Underfull \hbox (badness 10000) detected at line 43
[][][]
 []

 <./classcom_1_1pcgestion_1_1_main_a2b4159323ad9fd2b467e4086b882c3ff_cgraph.pdf
>
<classcom_1_1pcgestion_1_1_main_a2b4159323ad9fd2b467e4086b882c3ff_cgraph.pdf, i
d=750, 414.54875pt x 148.555pt>
File: classcom_1_1pcgestion_1_1_main_a2b4159323ad9fd2b467e4086b882c3ff_cgraph.p
df Graphic file (type pdf)
<use classcom_1_1pcgestion_1_1_main_a2b4159323ad9fd2b467e4086b882c3ff_cgraph.pd
f>
Package pdftex.def Info: classcom_1_1pcgestion_1_1_main_a2b4159323ad9fd2b467e40
86b882c3ff_cgraph.pdf  used on input line 67.
(pdftex.def)             Requested size: 350.0pt x 125.42683pt.


[16]) (classcom_1_1pcgestion_1_1_p_c_gestion_cucumber_test.tex <./classcom_1_1p
cgestion_1_1_p_c_gestion_cucumber_test__coll__graph.pdf>
<classcom_1_1pcgestion_1_1_p_c_gestion_cucumber_test__coll__graph.pdf, id=772, 
268.00125pt x 130.4875pt>
File: classcom_1_1pcgestion_1_1_p_c_gestion_cucumber_test__coll__graph.pdf Grap
hic file (type pdf)
<use classcom_1_1pcgestion_1_1_p_c_gestion_cucumber_test__coll__graph.pdf>
Package pdftex.def Info: classcom_1_1pcgestion_1_1_p_c_gestion_cucumber_test__c
oll__graph.pdf  used on input line 10.
(pdftex.def)             Requested size: 267.0pt x 129.99934pt.
)
(classcom_1_1pcgestion_1_1_p_c_gestion_integration_test.tex <./classcom_1_1pcge
stion_1_1_p_c_gestion_integration_test__coll__graph.pdf>
<classcom_1_1pcgestion_1_1_p_c_gestion_integration_test__coll__graph.pdf, id=78
7, 268.00125pt x 141.52875pt>
File: classcom_1_1pcgestion_1_1_p_c_gestion_integration_test__coll__graph.pdf G
raphic file (type pdf)
<use classcom_1_1pcgestion_1_1_p_c_gestion_integration_test__coll__graph.pdf>
Package pdftex.def Info: classcom_1_1pcgestion_1_1_p_c_gestion_integration_test
__coll__graph.pdf  used on input line 10.
(pdftex.def)             Requested size: 267.0pt x 140.9993pt.


[17]) (classcom_1_1pcgestion_1_1_pedido.tex <./classcom_1_1pcgestion_1_1_pedido
__coll__graph.pdf>
<classcom_1_1pcgestion_1_1_pedido__coll__graph.pdf, id=809, 185.69376pt x 145.5
4375pt>
File: classcom_1_1pcgestion_1_1_pedido__coll__graph.pdf Graphic file (type pdf)

<use classcom_1_1pcgestion_1_1_pedido__coll__graph.pdf>
Package pdftex.def Info: classcom_1_1pcgestion_1_1_pedido__coll__graph.pdf  use
d on input line 10.
(pdftex.def)             Requested size: 185.0pt x 145.00371pt.


[18]) (classcom_1_1pcgestion_1_1_producto.tex <./classcom_1_1pcgestion_1_1_prod
ucto__coll__graph.pdf>
<classcom_1_1pcgestion_1_1_producto__coll__graph.pdf, id=838, 194.7275pt x 191.
71625pt>
File: classcom_1_1pcgestion_1_1_producto__coll__graph.pdf Graphic file (type pd
f)
<use classcom_1_1pcgestion_1_1_producto__coll__graph.pdf>
Package pdftex.def Info: classcom_1_1pcgestion_1_1_producto__coll__graph.pdf  u
sed on input line 10.
(pdftex.def)             Requested size: 194.0pt x 191.00783pt.


[19]
! Undefined control sequence.
l.36 \begin{DoxyPre}{\ttfamily \newlineProducto
                                                producto = new Producto(1, "...
The control sequence at the end of the top line
of your error message was never \def'ed. If you have
misspelled it (e.g., `\hobx'), type `I' and the correct
spelling (e.g., `I\hbox'). Otherwise just continue,
and I'll forget about whatever was undefined.

! Undefined control sequence.
l.36 ...mec√°nico"{}, 45.99f, 10);\newlineproducto
                                                  .actualizarStock(-\/2);\ne...
The control sequence at the end of the top line
of your error message was never \def'ed. If you have
misspelled it (e.g., `\hobx'), type `I' and the correct
spelling (e.g., `I\hbox'). Otherwise just continue,
and I'll forget about whatever was undefined.

! Undefined control sequence.
l.36 ...ducto.actualizarStock(-\/2);\newlineSystem
                                                  .out.println(producto.getN...
The control sequence at the end of the top line
of your error message was never \def'ed. If you have
misspelled it (e.g., `\hobx'), type `I' and the correct
spelling (e.g., `I\hbox'). Otherwise just continue,
and I'll forget about whatever was undefined.


Overfull \hbox (235.95511pt too wide) in paragraph at lines 36--36
[]  \T1/pcr/m/n/9 producto = new Producto(1, "Teclado", "Teclado mec·nico", 45.
99f, 10);.actualizarStock(-2);.out.println(producto.getNombre()); 
 []


Underfull \hbox (badness 10000) in paragraph at lines 36--36

 []


Underfull \hbox (badness 10000) detected at line 39
[][][]
 []


Underfull \hbox (badness 10000) detected at line 42
[][][]
 []

LaTeX Font Info:    Font shape `T1/phv/b/n' will be
(Font)              scaled to size 7.19995pt on input line 50.


[20]
Underfull \hbox (badness 10000) detected at line 99
[][][]
 []

 <./classcom_1_1pcgestion_1_1_producto_ace5ac063b35f88c7a4bbf8608548108b_icgrap
h.pdf>
<classcom_1_1pcgestion_1_1_producto_ace5ac063b35f88c7a4bbf8608548108b_icgraph.p
df, id=877, 406.51875pt x 111.41624pt>
File: classcom_1_1pcgestion_1_1_producto_ace5ac063b35f88c7a4bbf8608548108b_icgr
aph.pdf Graphic file (type pdf)
<use classcom_1_1pcgestion_1_1_producto_ace5ac063b35f88c7a4bbf8608548108b_icgra
ph.pdf>
Package pdftex.def Info: classcom_1_1pcgestion_1_1_producto_ace5ac063b35f88c7a4
bbf8608548108b_icgraph.pdf  used on input line 107.
(pdftex.def)             Requested size: 350.0pt x 95.93pt.
) (classcom_1_1pcgestion_1_1_reparacion.tex <./classcom_1_1pcgestion_1_1_repara
cion__coll__graph.pdf>
<classcom_1_1pcgestion_1_1_reparacion__coll__graph.pdf, id=885, 204.765pt x 221
.82875pt>
File: classcom_1_1pcgestion_1_1_reparacion__coll__graph.pdf Graphic file (type 
pdf)
<use classcom_1_1pcgestion_1_1_reparacion__coll__graph.pdf>
Package pdftex.def Info: classcom_1_1pcgestion_1_1_reparacion__coll__graph.pdf 
 used on input line 10.
(pdftex.def)             Requested size: 204.0pt x 221.01244pt.


[21] <./classcom_1_1pcgestion_1_1_reparacion_aca12aa717416faa495c9d51ce5560f31_
icgraph.pdf>
<classcom_1_1pcgestion_1_1_reparacion_aca12aa717416faa495c9d51ce5560f31_icgraph
.pdf, id=910, 414.54875pt x 99.37125pt>
File: classcom_1_1pcgestion_1_1_reparacion_aca12aa717416faa495c9d51ce5560f31_ic
graph.pdf Graphic file (type pdf)
<use classcom_1_1pcgestion_1_1_reparacion_aca12aa717416faa495c9d51ce5560f31_icg
raph.pdf>
Package pdftex.def Info: classcom_1_1pcgestion_1_1_reparacion_aca12aa717416faa4
95c9d51ce5560f31_icgraph.pdf  used on input line 58.
(pdftex.def)             Requested size: 350.0pt x 83.90038pt.


[22]) (classcom_1_1pcgestion_1_1testdefs_1_1_step_definitions.tex <./classcom_1
_1pcgestion_1_1testdefs_1_1_step_definitions__coll__graph.pdf>
<classcom_1_1pcgestion_1_1testdefs_1_1_step_definitions__coll__graph.pdf, id=93
9, 213.79875pt x 205.76875pt>
File: classcom_1_1pcgestion_1_1testdefs_1_1_step_definitions__coll__graph.pdf G
raphic file (type pdf)
<use classcom_1_1pcgestion_1_1testdefs_1_1_step_definitions__coll__graph.pdf>
Package pdftex.def Info: classcom_1_1pcgestion_1_1testdefs_1_1_step_definitions
__coll__graph.pdf  used on input line 10.
(pdftex.def)             Requested size: 213.0pt x 204.99898pt.
)
(classcom_1_1pcgestion_1_1_tecnico.tex <./classcom_1_1pcgestion_1_1_tecnico__in
herit__graph.pdf>
<classcom_1_1pcgestion_1_1_tecnico__inherit__graph.pdf, id=954, 189.70876pt x 3
39.2675pt>
File: classcom_1_1pcgestion_1_1_tecnico__inherit__graph.pdf Graphic file (type 
pdf)
<use classcom_1_1pcgestion_1_1_tecnico__inherit__graph.pdf>
Package pdftex.def Info: classcom_1_1pcgestion_1_1_tecnico__inherit__graph.pdf 
 used on input line 10.
(pdftex.def)             Requested size: 189.0pt x 338.0087pt.


[23] <./classcom_1_1pcgestion_1_1_tecnico__coll__graph.pdf>
<classcom_1_1pcgestion_1_1_tecnico__coll__graph.pdf, id=980, 189.70876pt x 339.
2675pt>
File: classcom_1_1pcgestion_1_1_tecnico__coll__graph.pdf Graphic file (type pdf
)
<use classcom_1_1pcgestion_1_1_tecnico__coll__graph.pdf>
Package pdftex.def Info: classcom_1_1pcgestion_1_1_tecnico__coll__graph.pdf  us
ed on input line 20.
(pdftex.def)             Requested size: 189.0pt x 338.0087pt.


[24]) (classcom_1_1pcgestion_1_1_usuario.tex <./classcom_1_1pcgestion_1_1_usuar
io__inherit__graph.pdf>
<classcom_1_1pcgestion_1_1_usuario__inherit__graph.pdf, id=1007, 472.76625pt x 
339.2675pt>
File: classcom_1_1pcgestion_1_1_usuario__inherit__graph.pdf Graphic file (type 
pdf)
<use classcom_1_1pcgestion_1_1_usuario__inherit__graph.pdf>
Package pdftex.def Info: classcom_1_1pcgestion_1_1_usuario__inherit__graph.pdf 
 used on input line 10.
(pdftex.def)             Requested size: 350.0pt x 251.17308pt.


[25] <./classcom_1_1pcgestion_1_1_usuario__coll__graph.pdf>
<classcom_1_1pcgestion_1_1_usuario__coll__graph.pdf, id=1035, 189.70876pt x 191
.71625pt>
File: classcom_1_1pcgestion_1_1_usuario__coll__graph.pdf Graphic file (type pdf
)
<use classcom_1_1pcgestion_1_1_usuario__coll__graph.pdf>
Package pdftex.def Info: classcom_1_1pcgestion_1_1_usuario__coll__graph.pdf  us
ed on input line 20.
(pdftex.def)             Requested size: 189.0pt x 191.00491pt.


[26]
Underfull \hbox (badness 10000) detected at line 57
[][][]
 []

)

[27]

[28

]
No file refman.ind.
(refman.aux)
 ***********
LaTeX2e <2024-11-01> patch level 2
L3 programming layer <2025-03-26>
 ***********


LaTeX Warning: Label(s) may have changed. Rerun to get cross-references right.

Package rerunfilecheck Info: File `refman.out' has not changed.
(rerunfilecheck)             Checksum: BBF40FF20C5A0D639CADDB9EF2260928;15968.
 ) 
Here is how much of TeX's memory you used:
 18767 strings out of 469958
 324069 string characters out of 5479857
 715586 words of memory out of 5000000
 44988 multiletter control sequences out of 15000+600000
 676819 words of font info for 106 fonts, out of 8000000 for 9000
 1141 hyphenation exceptions out of 8191
 101i,15n,117p,466b,749s stack positions out of 10000i,1000n,20000p,200000b,200000s
<C:/Program Files/MiKTeX/fonts/type1/urw/courier/ucrb8a.pfb><C:/Program Files
/MiKTeX/fonts/type1/urw/courier/ucrr8a.pfb><C:/Program Files/MiKTeX/fonts/type1
/urw/courier/ucrro8a.pfb><C:/Program Files/MiKTeX/fonts/type1/urw/helvetic/uhvb
8a.pfb><C:/Program Files/MiKTeX/fonts/type1/urw/helvetic/uhvb8ac.pfb><C:/Progra
m Files/MiKTeX/fonts/type1/urw/helvetic/uhvr8a.pfb><C:/Program Files/MiKTeX/fon
ts/type1/urw/helvetic/uhvro8a.pfb>
Output written on refman.pdf (32 pages, 463132 bytes).
PDF statistics:
 1150 PDF objects out of 1200 (max. 8388607)
 216 named destinations out of 1000 (max. 500000)
 686 words of extra memory for PDF output out of 10000 (max. 10000000)

